
[1m[46m RUN [49m[22m [36mv4.0.18 [39m[90mC:/Users/dry-_/OneDrive/Bureau/Apios/conciergerie[39m

 [31mÔØ»[39m src/tests/bags.test.ts [2m([22m[2m2 tests[22m[2m | [22m[31m1 failed[39m[2m)[22m[32m 19[2mms[22m[39m
       [32mÔ£ô[39m should create a new bag and insert its items[32m 8[2mms[22m[39m
[31m       [31m├ù[31m should update bag items, decrement stock quantities, and update bag status to pr├¬t[39m[32m 8[2mms[22m[39m
node.exe : 
Au caractère Ligne:1 : 
1
+ & "C:\Program 
Files\nodejs/node.exe" 
"C:\Users\dry-_\AppData
\Roaming\ ...
+ ~~~~~~~~~~~~~~~~~~~~~
~~~~~~~~~~~~~~~~~~~~~~~
~~~~~~~~~~~~~~~~~~~~~~~
~~
    + CategoryInfo     
         : NotSpecifi  
  ed: (:String) [],    
 RemoteException
    + FullyQualifiedEr 
   rorId : NativeComm  
  andError
 
[31mÔÄ»ÔÄ»ÔÄ»ÔÄ»ÔÄ»ÔÄ»
ÔÄ»[39m[1m[41m 
Failed Tests 1 [49m[2
2m[31mÔÄ»ÔÄ»ÔÄ»ÔÄ»ÔÄ»Ô
Ä»ÔÄ»[39m

[41m[1m FAIL 
[22m[49m src/tests/ba
gs.test.ts[2m > 
[22mBags Service - 
New Features[2m > 
[22mprepareBag[2m > 
[22mshould update bag 
items, decrement stock 
quantities, and update 
bag status to pr├¬t
[31m[1mTypeError[22m
: __vite_ssr_import_0__
.supabase.from(...).sel
ect is not a 
function[39m
[36m [2mÔØ»[22m chec
kBagStockAvailability s
rc/services/bags.servic
e.ts:[2m190:10[22m[3
9m
    [90m188| [39m    
[35mconst[39m { 
data[33m:[39m 
bagItems[33m,[39m 
error[33m:[39m 
itemsError } 
[33m=[39m 
[35mawait[39m 
supabase
    [90m189| [39m    
    [33m.[39m[35mfro
m[39m([32m'bag_items'
[39m)
    [90m190| [39m    
    [33m.[39m[34msel
ect[39m([32m`
    [90m   | [39m    
     [31m^[39m
    [90m191| [39m    
  quantity,
    [90m192| [39m    
  
stock_item:stock_items 
(
[90m [2mÔØ»[22m 
updateBagItems src/serv
ices/bags.service.ts:[
2m164:34[22m[39m
[90m [2mÔØ»[22m 
Module.prepareBag src/s
ervices/bags.service.ts
:[2m293:5[22m[39m
[90m [2mÔØ»[22m src/
tests/bags.test.ts:[2m
106:13[22m[39m

[31m[2mÔÄ»ÔÄ»ÔÄ»ÔÄ»ÔÄ
»ÔÄ»ÔÄ»ÔÄ»ÔÄ»ÔÄ»ÔÄ»ÔÄ»Ô
Ä»ÔÄ»ÔÄ»ÔÄ»ÔÄ»ÔÄ»ÔÄ»ÔÄ»
ÔÄ»ÔÄ»ÔÄ»ÔÄ»[1/1]ÔÄ»[2
2m[39m


[2m Test Files [22m [1m[31m1 failed[39m[22m[90m (1)[39m
[2m      Tests [22m [1m[31m1 failed[39m[22m[2m | [22m[1m[32m1 passed[39m[22m[90m (2)[39m
[2m   Start at [22m 23:47:00
[2m   Duration [22m 954ms[2m (transform 146ms, setup 0ms, import 192ms, tests 19ms, environment 0ms)[22m

